EN count_mem NULL "C:/Documents and Settings/kloftis/Desktop/CENG 450 - KL/Count_Mem_VHDL/count_mem_vhdl.vhd" sub00/vhpl04 1390950165
AR counter behv "C:/Documents and Settings/kloftis/Desktop/CENG 450 - KL/Count_Mem_VHDL/counter.vhd" sub00/vhpl01 1390950162
EN rom_vhdl NULL "C:/Documents and Settings/kloftis/Desktop/CENG 450 - KL/Count_Mem_VHDL/ROM_VHDL.vhd" sub00/vhpl02 1390950163
EN counter NULL "C:/Documents and Settings/kloftis/Desktop/CENG 450 - KL/Count_Mem_VHDL/counter.vhd" sub00/vhpl00 1390950161
AR count_mem behavioral "C:/Documents and Settings/kloftis/Desktop/CENG 450 - KL/Count_Mem_VHDL/count_mem_vhdl.vhd" sub00/vhpl05 1390950166
AR rom_vhdl bhv "C:/Documents and Settings/kloftis/Desktop/CENG 450 - KL/Count_Mem_VHDL/ROM_VHDL.vhd" sub00/vhpl03 1390950164
